2025-08-27 11:28:31 - add_mobile_user method called
POST data: Array
(
    [first_name] => Katende
    [last_name] => Chris
    [email] => katendechris5@gmail.com
    [password] => 23456789
    [region_id] => 
    [active] => 1
)

Session logged_in: YES
API URL: http://localhost/aws_staging/aws.api/public/user/add
API Response: {
    "status": 201,
    "messages": {
        "success": "User created successfully"
    },
    "data": {
        "user_id": "119",
        "first_name": "Katende",
        "last_name": "Chris",
        "email": "katendechris5@gmail.com",
        "role_id": "1",
        "region_id": "1",
        "date_created": "2025-08-27 04:28:31",
        "active": "1",
        "created_at": "2025-08-27 12:28:31",
        "updated_at": "2025-08-27 12:28:31",
        "deleted_at": null
    }
}
2025-08-27 13:08:25 - add_mobile_user method called
POST data: Array
(
    [first_name] => Katende
    [last_name] => Chris
    [email] => katendechris5@gmail.com
    [password] => efeffsdcfd
    [region_id] => 
    [active] => 1
)

Session logged_in: YES
API URL: http://localhost/aws_staging/aws.api/public/user/add
API Response: {
    "status": 400,
    "error": 400,
    "messages": {
        "email": "The email field must contain a unique value."
    }
}
2025-08-28 09:44:03 - add_mobile_user method called
POST data: Array
(
    [first_name] => Katende 
    [last_name] => Ajax
    [email] => ajax@email.com
    [password] => 12345678
    [region_id] => 1
    [active] => 1
)

Session logged_in: YES
API URL: http://localhost/aws_staging/aws.api/public/user/add
API Response: {
    "status": 201,
    "messages": {
        "success": "User created successfully"
    },
    "data": {
        "user_id": "121",
        "first_name": "Katende ",
        "last_name": "Ajax",
        "email": "ajax@email.com",
        "role_id": "1",
        "region_id": "1",
        "date_created": "2025-08-28 02:44:04",
        "active": "1",
        "created_at": "2025-08-28 10:44:04",
        "updated_at": "2025-08-28 10:44:04",
        "deleted_at": null
    }
}
